
There are no discarded input sections

Memory Configuration

Name             Origin             Length             Attributes
flash            0x08000000         0x00100000         xr
sram             0x20000000         0x0001c000         xrw
*default*        0x00000000         0xffffffff

Linker script and memory map

LOAD CMakeFiles/firmware.elf.dir/kernel/src/main.c.o
LOAD CMakeFiles/firmware.elf.dir/kernel/src/startup.c.o
LOAD CMakeFiles/firmware.elf.dir/kernel/src/mpu.c.o
LOAD CMakeFiles/firmware.elf.dir/kernel/src/system_calls.c.o
LOAD CMakeFiles/firmware.elf.dir/kernel/src/task.c.o
LOAD CMakeFiles/firmware.elf.dir/drivers/src/systick.c.o
LOAD CMakeFiles/firmware.elf.dir/drivers/src/uart.c.o
LOAD CMakeFiles/firmware.elf.dir/drivers/src/gpio.c.o
LOAD CMakeFiles/firmware.elf.dir/drivers/src/rcc.c.o
LOAD CMakeFiles/firmware.elf.dir/drivers/src/vector.c.o
LOAD CMakeFiles/firmware.elf.dir/drivers/src/ringbuffer.c.o
                0x2001c000                        _estack = (ORIGIN (sram) + LENGTH (sram))

.vectors        0x08000000      0x188
 *(.vectors)
 .vectors       0x08000000      0x188 CMakeFiles/firmware.elf.dir/kernel/src/startup.c.o
                0x08000000                vector_table

.text           0x08000188      0xf5c
 *(.text*)
 .text          0x08000188      0x2e4 CMakeFiles/firmware.elf.dir/kernel/src/main.c.o
                0x08000188                echo
                0x080001e4                length
                0x08000212                osSwitchSPToPSP
                0x0800022c                nmi_handler
                0x08000248                hard_fault_handler
                0x08000264                bus_fault_handler
                0x08000280                usage_fault_handler
                0x0800029c                osEnableProcessorFaults
                0x080002e8                clock_init
                0x080002f4                initScheduler
                0x08000310                startScheduler
                0x08000320                task1
                0x08000358                task2
                0x080003ac                task3
                0x08000400                main
 .text          0x0800046c       0x60 CMakeFiles/firmware.elf.dir/kernel/src/startup.c.o
                0x0800046c                _reset
 .text          0x080004cc      0x120 CMakeFiles/firmware.elf.dir/kernel/src/mpu.c.o
                0x080004cc                mem_manage_handler
                0x08000570                mpu_enable
                0x0800058c                mpu_disable
                0x080005c4                mpu_init
 .text          0x080005ec       0xdc CMakeFiles/firmware.elf.dir/kernel/src/system_calls.c.o
                0x080005ec                sv_call_handler
                0x08000674                chuj
                0x08000698                usart_syscall_write
                0x080006ae                usart_syscall_read
 .text          0x080006c8      0x300 CMakeFiles/firmware.elf.dir/kernel/src/task.c.o
                0x080006c8                pend_sv_handler
                0x080006f2                osTaskCreate
                0x080007d0                task_delay
                0x08000830                osGetNextTask
                0x080008a4                osInitalizeTCB
                0x080008dc                osDeleteThread
                0x08000910                osGetPSPValue
                0x08000930                osSavePSPValue
                0x08000958                osCheckBlockedTasks
                0x080009c0                idleTask
 .text          0x080009c8       0x8c CMakeFiles/firmware.elf.dir/drivers/src/systick.c.o
                0x080009c8                systick_init
                0x08000a08                sys_tick_handler
                0x08000a3c                systick_get_ticks
 .text          0x08000a54      0x320 CMakeFiles/firmware.elf.dir/drivers/src/uart.c.o
                0x08000a54                uart_init
                0x08000bd0                usart1_isr
                0x08000c0c                usart2_isr
                0x08000c48                usart3_isr
                0x08000c84                usart_write
                0x08000cbe                usart_write_byte
                0x08000cec                usart_read
                0x08000d40                usart_data_available
 .text          0x08000d74      0x154 CMakeFiles/firmware.elf.dir/drivers/src/gpio.c.o
                0x08000d74                gpio_set_mode
                0x08000dec                gpio_set_af
                0x08000e84                gpio_write
 .text          0x08000ec8      0x118 CMakeFiles/firmware.elf.dir/drivers/src/rcc.c.o
                0x08000ec8                rcc_gpioa_enable
                0x08000ee4                rcc_gpioa_disable
                0x08000f00                rcc_usart2_enable
                0x08000f1c                rcc_usart3_enable
                0x08000f38                rcc_usart2_disable
                0x08000f54                rcc_usart3_disable
                0x08000f70                rcc_usart1_enable
                0x08000f8c                rcc_syscfg_enable
                0x08000fa8                rcc_syscfg_disable
                0x08000fc4                rcc_usart1_disable
 .text          0x08000fe0       0x14 CMakeFiles/firmware.elf.dir/drivers/src/vector.c.o
                0x08000fe0                dma2_stream1_isr
                0x08000fe0                tim8_brk_tim12_isr
                0x08000fe0                dma1_stream7_isr
                0x08000fe0                tim7_isr
                0x08000fe0                dma1_stream2_isr
                0x08000fe0                otg_hs_isr
                0x08000fe0                blocking_handler
                0x08000fe0                tim5_isr
                0x08000fe0                rtc_wkup_isr
                0x08000fe0                otg_fs_isr
                0x08000fe0                spi1_isr
                0x08000fe0                i2c3_er_isr
                0x08000fe0                exti2_isr
                0x08000fe0                tim1_brk__tim9_isr
                0x08000fe0                tamp_stamp_isr
                0x08000fe0                can1_rx1_isr
                0x08000fe0                dma2_stream0_isr
                0x08000fe0                i2c3_ev_isr
                0x08000fe0                can2_rx0_isr
                0x08000fe0                dma1_stream6_isr
                0x08000fe0                can2_rx1_isr
                0x08000fe0                can1_sce_isr
                0x08000fe0                tim1_cc_isr
                0x08000fe0                can1_tx_isr
                0x08000fe0                sdio_isr
                0x08000fe0                eth_isr
                0x08000fe0                otg_fs_wkup_isr
                0x08000fe0                dma2_stream5_isr
                0x08000fe0                pvd_isr
                0x08000fe0                can1_rx0_isr
                0x08000fe0                rcc_isr
                0x08000fe0                dma2_stream3_isr
                0x08000fe0                flash_isr
                0x08000fe0                uart4_isr
                0x08000fe0                rtc_alarm_isr
                0x08000fe0                exti15_10_isr
                0x08000fe0                hash_rng_isr
                0x08000fe0                tim1_trg_com_tim11_isr
                0x08000fe0                exti1_isr
                0x08000fe0                i2c1_ev_isr
                0x08000fe0                usart6_isr
                0x08000fe0                spi2_isr
                0x08000fe0                cryp_isr
                0x08000fe0                dma1_stream1_isr
                0x08000fe0                dma2_stream4_isr
                0x08000fe0                exti3_isr
                0x08000fe0                debug_monitor_handler
                0x08000fe0                tim3_isr
                0x08000fe0                fpu_isr
                0x08000fe0                dma1_stream4_isr
                0x08000fe0                i2c2_er_isr
                0x08000fe0                i2c2_ev_isr
                0x08000fe0                uart5_isr
                0x08000fe0                dma2_stream6_isr
                0x08000fe0                adc_isr
                0x08000fe0                dma2_stream7_isr
                0x08000fe0                tim8_up_tim13_isr
                0x08000fe0                fsmc_isr
                0x08000fe0                exti4_isr
                0x08000fe0                tim6_dac_isr
                0x08000fe0                dma1_stream3_isr
                0x08000fe0                tim8_trg_com_tim14_isr
                0x08000fe0                can2_tx_isr
                0x08000fe0                exti9_5_isr
                0x08000fe0                tim1_up__tim10_isr
                0x08000fe0                can2_sce_isr
                0x08000fe0                tim4_isr
                0x08000fe0                otg_hs_wkup_isr
                0x08000fe0                i2c1_er_isr
                0x08000fe0                dma1_stream0_isr
                0x08000fe0                tim8_cc_isr
                0x08000fe0                dcmi_isr
                0x08000fe0                dma2_stream2_isr
                0x08000fe0                eth_wkup_isr
                0x08000fe0                wwdg_isr
                0x08000fe0                otg_hs_ep1_out_isr
                0x08000fe0                spi3_isr
                0x08000fe0                dma1_stream5_isr
                0x08000fe0                otg_hs_ep1_in_isr
                0x08000fe0                tim2_isr
                0x08000fe0                exti0_isr
                0x08000fe8                null_handler
 .text          0x08000ff4       0xf0 CMakeFiles/firmware.elf.dir/drivers/src/ringbuffer.c.o
                0x08000ff4                ringbuffer_init
                0x08001024                ringbuffer_empty
                0x08001048                ringbuffer_read
                0x08001096                ringbuffer_write

.glue_7         0x080010e4        0x0
 .glue_7        0x080010e4        0x0 linker stubs

.glue_7t        0x080010e4        0x0
 .glue_7t       0x080010e4        0x0 linker stubs

.vfp11_veneer   0x080010e4        0x0
 .vfp11_veneer  0x080010e4        0x0 linker stubs

.v4_bx          0x080010e4        0x0
 .v4_bx         0x080010e4        0x0 linker stubs

.iplt           0x080010e4        0x0
 .iplt          0x080010e4        0x0 CMakeFiles/firmware.elf.dir/kernel/src/main.c.o

.rodata         0x080010e4      0x101
 *(.rodata*)
 .rodata        0x080010e4       0x5f CMakeFiles/firmware.elf.dir/kernel/src/main.c.o
 *fill*         0x08001143        0x1 
 .rodata        0x08001144       0xa1 CMakeFiles/firmware.elf.dir/kernel/src/mpu.c.o

.rel.dyn        0x080011e8        0x0
 .rel.iplt      0x080011e8        0x0 CMakeFiles/firmware.elf.dir/kernel/src/main.c.o

.data           0x20000000       0x18 load address 0x080011e5
                0x20000000                        _sdata = .
 *(.first_data)
 *(.data SORT_BY_NAME(.data.*))
 .data          0x20000000       0x18 CMakeFiles/firmware.elf.dir/kernel/src/main.c.o
                0x20000000                uart1
                0x20000008                uart2
                0x20000010                uart3
 .data          0x20000018        0x0 CMakeFiles/firmware.elf.dir/kernel/src/startup.c.o
 .data          0x20000018        0x0 CMakeFiles/firmware.elf.dir/kernel/src/mpu.c.o
 .data          0x20000018        0x0 CMakeFiles/firmware.elf.dir/kernel/src/system_calls.c.o
 .data          0x20000018        0x0 CMakeFiles/firmware.elf.dir/kernel/src/task.c.o
 .data          0x20000018        0x0 CMakeFiles/firmware.elf.dir/drivers/src/systick.c.o
 .data          0x20000018        0x0 CMakeFiles/firmware.elf.dir/drivers/src/uart.c.o
 .data          0x20000018        0x0 CMakeFiles/firmware.elf.dir/drivers/src/gpio.c.o
 .data          0x20000018        0x0 CMakeFiles/firmware.elf.dir/drivers/src/rcc.c.o
 .data          0x20000018        0x0 CMakeFiles/firmware.elf.dir/drivers/src/vector.c.o
 .data          0x20000018        0x0 CMakeFiles/firmware.elf.dir/drivers/src/ringbuffer.c.o
                0x20000018                        _edata = .
                0x080011e5                        _sidata = LOADADDR (.data)

.igot.plt       0x20000018        0x0 load address 0x080011fd
 .igot.plt      0x20000018        0x0 CMakeFiles/firmware.elf.dir/kernel/src/main.c.o

.bss            0x20000018      0x220 load address 0x080011fd
                0x20000018                        _sbss = .
 *(.bss SORT_BY_NAME(.bss.*) COMMON)
 .bss           0x20000018        0x0 CMakeFiles/firmware.elf.dir/kernel/src/main.c.o
 .bss           0x20000018        0x0 CMakeFiles/firmware.elf.dir/kernel/src/startup.c.o
 .bss           0x20000018        0x0 CMakeFiles/firmware.elf.dir/kernel/src/mpu.c.o
 .bss           0x20000018        0x0 CMakeFiles/firmware.elf.dir/kernel/src/system_calls.c.o
 .bss           0x20000018       0xa4 CMakeFiles/firmware.elf.dir/kernel/src/task.c.o
                0x20000018                osTasks
                0x200000b8                osCurrentTaks
 *fill*         0x200000bc        0x4 
 .bss           0x200000c0        0x8 CMakeFiles/firmware.elf.dir/drivers/src/systick.c.o
 .bss           0x200000c8      0x170 CMakeFiles/firmware.elf.dir/drivers/src/uart.c.o
 .bss           0x20000238        0x0 CMakeFiles/firmware.elf.dir/drivers/src/gpio.c.o
 .bss           0x20000238        0x0 CMakeFiles/firmware.elf.dir/drivers/src/rcc.c.o
 .bss           0x20000238        0x0 CMakeFiles/firmware.elf.dir/drivers/src/vector.c.o
 .bss           0x20000238        0x0 CMakeFiles/firmware.elf.dir/drivers/src/ringbuffer.c.o
                0x20000238                        _ebss = .
                0x20000238                        . = ALIGN (0x8)
                0x20000238                        _end = .
OUTPUT(firmware.elf elf32-littlearm)
LOAD linker stubs

.debug_info     0x00000000     0x229b
 .debug_info    0x00000000      0x55f CMakeFiles/firmware.elf.dir/kernel/src/main.c.o
 .debug_info    0x0000055f      0x406 CMakeFiles/firmware.elf.dir/kernel/src/startup.c.o
 .debug_info    0x00000965      0x352 CMakeFiles/firmware.elf.dir/kernel/src/mpu.c.o
 .debug_info    0x00000cb7      0x31b CMakeFiles/firmware.elf.dir/kernel/src/system_calls.c.o
 .debug_info    0x00000fd2      0x36a CMakeFiles/firmware.elf.dir/kernel/src/task.c.o
 .debug_info    0x0000133c      0x209 CMakeFiles/firmware.elf.dir/drivers/src/systick.c.o
 .debug_info    0x00001545      0x4a1 CMakeFiles/firmware.elf.dir/drivers/src/uart.c.o
 .debug_info    0x000019e6      0x3d8 CMakeFiles/firmware.elf.dir/drivers/src/gpio.c.o
 .debug_info    0x00001dbe      0x2a8 CMakeFiles/firmware.elf.dir/drivers/src/rcc.c.o
 .debug_info    0x00002066       0x4e CMakeFiles/firmware.elf.dir/drivers/src/vector.c.o
 .debug_info    0x000020b4      0x1e7 CMakeFiles/firmware.elf.dir/drivers/src/ringbuffer.c.o

.debug_abbrev   0x00000000      0xd2e
 .debug_abbrev  0x00000000      0x20f CMakeFiles/firmware.elf.dir/kernel/src/main.c.o
 .debug_abbrev  0x0000020f      0x127 CMakeFiles/firmware.elf.dir/kernel/src/startup.c.o
 .debug_abbrev  0x00000336      0x139 CMakeFiles/firmware.elf.dir/kernel/src/mpu.c.o
 .debug_abbrev  0x0000046f      0x16d CMakeFiles/firmware.elf.dir/kernel/src/system_calls.c.o
 .debug_abbrev  0x000005dc      0x1d1 CMakeFiles/firmware.elf.dir/kernel/src/task.c.o
 .debug_abbrev  0x000007ad      0x112 CMakeFiles/firmware.elf.dir/drivers/src/systick.c.o
 .debug_abbrev  0x000008bf      0x197 CMakeFiles/firmware.elf.dir/drivers/src/uart.c.o
 .debug_abbrev  0x00000a56      0x126 CMakeFiles/firmware.elf.dir/drivers/src/gpio.c.o
 .debug_abbrev  0x00000b7c       0xa2 CMakeFiles/firmware.elf.dir/drivers/src/rcc.c.o
 .debug_abbrev  0x00000c1e       0x3a CMakeFiles/firmware.elf.dir/drivers/src/vector.c.o
 .debug_abbrev  0x00000c58       0xd6 CMakeFiles/firmware.elf.dir/drivers/src/ringbuffer.c.o

.debug_aranges  0x00000000      0x160
 .debug_aranges
                0x00000000       0x20 CMakeFiles/firmware.elf.dir/kernel/src/main.c.o
 .debug_aranges
                0x00000020       0x20 CMakeFiles/firmware.elf.dir/kernel/src/startup.c.o
 .debug_aranges
                0x00000040       0x20 CMakeFiles/firmware.elf.dir/kernel/src/mpu.c.o
 .debug_aranges
                0x00000060       0x20 CMakeFiles/firmware.elf.dir/kernel/src/system_calls.c.o
 .debug_aranges
                0x00000080       0x20 CMakeFiles/firmware.elf.dir/kernel/src/task.c.o
 .debug_aranges
                0x000000a0       0x20 CMakeFiles/firmware.elf.dir/drivers/src/systick.c.o
 .debug_aranges
                0x000000c0       0x20 CMakeFiles/firmware.elf.dir/drivers/src/uart.c.o
 .debug_aranges
                0x000000e0       0x20 CMakeFiles/firmware.elf.dir/drivers/src/gpio.c.o
 .debug_aranges
                0x00000100       0x20 CMakeFiles/firmware.elf.dir/drivers/src/rcc.c.o
 .debug_aranges
                0x00000120       0x20 CMakeFiles/firmware.elf.dir/drivers/src/vector.c.o
 .debug_aranges
                0x00000140       0x20 CMakeFiles/firmware.elf.dir/drivers/src/ringbuffer.c.o

.debug_line     0x00000000     0x12f9
 .debug_line    0x00000000      0x2b8 CMakeFiles/firmware.elf.dir/kernel/src/main.c.o
 .debug_line    0x000002b8       0xfd CMakeFiles/firmware.elf.dir/kernel/src/startup.c.o
 .debug_line    0x000003b5      0x1dc CMakeFiles/firmware.elf.dir/kernel/src/mpu.c.o
 .debug_line    0x00000591      0x170 CMakeFiles/firmware.elf.dir/kernel/src/system_calls.c.o
 .debug_line    0x00000701      0x2bf CMakeFiles/firmware.elf.dir/kernel/src/task.c.o
 .debug_line    0x000009c0      0x19b CMakeFiles/firmware.elf.dir/drivers/src/systick.c.o
 .debug_line    0x00000b5b      0x29d CMakeFiles/firmware.elf.dir/drivers/src/uart.c.o
 .debug_line    0x00000df8      0x19f CMakeFiles/firmware.elf.dir/drivers/src/gpio.c.o
 .debug_line    0x00000f97      0x16b CMakeFiles/firmware.elf.dir/drivers/src/rcc.c.o
 .debug_line    0x00001102       0x82 CMakeFiles/firmware.elf.dir/drivers/src/vector.c.o
 .debug_line    0x00001184      0x175 CMakeFiles/firmware.elf.dir/drivers/src/ringbuffer.c.o

.debug_str      0x00000000     0x102a
 .debug_str     0x00000000     0x102a CMakeFiles/firmware.elf.dir/kernel/src/main.c.o
                                0x38a (size before relaxing)
 .debug_str     0x0000102a      0x67d CMakeFiles/firmware.elf.dir/kernel/src/startup.c.o
 .debug_str     0x0000102a      0x27f CMakeFiles/firmware.elf.dir/kernel/src/mpu.c.o
 .debug_str     0x0000102a      0x280 CMakeFiles/firmware.elf.dir/kernel/src/system_calls.c.o
 .debug_str     0x0000102a      0x2d6 CMakeFiles/firmware.elf.dir/kernel/src/task.c.o
 .debug_str     0x0000102a      0x23c CMakeFiles/firmware.elf.dir/drivers/src/systick.c.o
 .debug_str     0x0000102a      0x34c CMakeFiles/firmware.elf.dir/drivers/src/uart.c.o
 .debug_str     0x0000102a      0x307 CMakeFiles/firmware.elf.dir/drivers/src/gpio.c.o
 .debug_str     0x0000102a      0x30d CMakeFiles/firmware.elf.dir/drivers/src/rcc.c.o
 .debug_str     0x0000102a      0x107 CMakeFiles/firmware.elf.dir/drivers/src/vector.c.o
 .debug_str     0x0000102a      0x221 CMakeFiles/firmware.elf.dir/drivers/src/ringbuffer.c.o

.comment        0x00000000       0x26
 .comment       0x00000000       0x26 CMakeFiles/firmware.elf.dir/kernel/src/main.c.o
                                 0x27 (size before relaxing)
 .comment       0x00000026       0x27 CMakeFiles/firmware.elf.dir/kernel/src/startup.c.o
 .comment       0x00000026       0x27 CMakeFiles/firmware.elf.dir/kernel/src/mpu.c.o
 .comment       0x00000026       0x27 CMakeFiles/firmware.elf.dir/kernel/src/system_calls.c.o
 .comment       0x00000026       0x27 CMakeFiles/firmware.elf.dir/kernel/src/task.c.o
 .comment       0x00000026       0x27 CMakeFiles/firmware.elf.dir/drivers/src/systick.c.o
 .comment       0x00000026       0x27 CMakeFiles/firmware.elf.dir/drivers/src/uart.c.o
 .comment       0x00000026       0x27 CMakeFiles/firmware.elf.dir/drivers/src/gpio.c.o
 .comment       0x00000026       0x27 CMakeFiles/firmware.elf.dir/drivers/src/rcc.c.o
 .comment       0x00000026       0x27 CMakeFiles/firmware.elf.dir/drivers/src/vector.c.o
 .comment       0x00000026       0x27 CMakeFiles/firmware.elf.dir/drivers/src/ringbuffer.c.o

.ARM.attributes
                0x00000000       0x2e
 .ARM.attributes
                0x00000000       0x2e CMakeFiles/firmware.elf.dir/kernel/src/main.c.o
 .ARM.attributes
                0x0000002e       0x2e CMakeFiles/firmware.elf.dir/kernel/src/startup.c.o
 .ARM.attributes
                0x0000005c       0x2e CMakeFiles/firmware.elf.dir/kernel/src/mpu.c.o
 .ARM.attributes
                0x0000008a       0x2e CMakeFiles/firmware.elf.dir/kernel/src/system_calls.c.o
 .ARM.attributes
                0x000000b8       0x2e CMakeFiles/firmware.elf.dir/kernel/src/task.c.o
 .ARM.attributes
                0x000000e6       0x2e CMakeFiles/firmware.elf.dir/drivers/src/systick.c.o
 .ARM.attributes
                0x00000114       0x2e CMakeFiles/firmware.elf.dir/drivers/src/uart.c.o
 .ARM.attributes
                0x00000142       0x2e CMakeFiles/firmware.elf.dir/drivers/src/gpio.c.o
 .ARM.attributes
                0x00000170       0x2e CMakeFiles/firmware.elf.dir/drivers/src/rcc.c.o
 .ARM.attributes
                0x0000019e       0x2e CMakeFiles/firmware.elf.dir/drivers/src/vector.c.o
 .ARM.attributes
                0x000001cc       0x2e CMakeFiles/firmware.elf.dir/drivers/src/ringbuffer.c.o

.debug_frame    0x00000000      0x964
 .debug_frame   0x00000000      0x1d4 CMakeFiles/firmware.elf.dir/kernel/src/main.c.o
 .debug_frame   0x000001d4       0x30 CMakeFiles/firmware.elf.dir/kernel/src/startup.c.o
 .debug_frame   0x00000204       0xcc CMakeFiles/firmware.elf.dir/kernel/src/mpu.c.o
 .debug_frame   0x000002d0       0xbc CMakeFiles/firmware.elf.dir/kernel/src/system_calls.c.o
 .debug_frame   0x0000038c      0x164 CMakeFiles/firmware.elf.dir/kernel/src/task.c.o
 .debug_frame   0x000004f0       0x70 CMakeFiles/firmware.elf.dir/drivers/src/systick.c.o
 .debug_frame   0x00000560      0x134 CMakeFiles/firmware.elf.dir/drivers/src/uart.c.o
 .debug_frame   0x00000694       0x88 CMakeFiles/firmware.elf.dir/drivers/src/gpio.c.o
 .debug_frame   0x0000071c      0x150 CMakeFiles/firmware.elf.dir/drivers/src/rcc.c.o
 .debug_frame   0x0000086c       0x48 CMakeFiles/firmware.elf.dir/drivers/src/vector.c.o
 .debug_frame   0x000008b4       0xb0 CMakeFiles/firmware.elf.dir/drivers/src/ringbuffer.c.o

.debug_rnglists
                0x00000000       0x17
 .debug_rnglists
                0x00000000       0x17 CMakeFiles/firmware.elf.dir/kernel/src/task.c.o
