
There are no discarded input sections

Memory Configuration

Name             Origin             Length             Attributes
flash            0x08000000         0x00100000         xr
sram             0x20000000         0x0001c000         xrw
*default*        0x00000000         0xffffffff

Linker script and memory map

LOAD CMakeFiles/firmware.elf.dir/kernel/src/main.c.o
LOAD CMakeFiles/firmware.elf.dir/kernel/src/startup.c.o
LOAD CMakeFiles/firmware.elf.dir/kernel/src/mpu.c.o
LOAD CMakeFiles/firmware.elf.dir/kernel/src/system_calls.c.o
LOAD CMakeFiles/firmware.elf.dir/kernel/src/task.c.o
LOAD CMakeFiles/firmware.elf.dir/drivers/src/systick.c.o
LOAD CMakeFiles/firmware.elf.dir/drivers/src/uart.c.o
LOAD CMakeFiles/firmware.elf.dir/drivers/src/gpio.c.o
LOAD CMakeFiles/firmware.elf.dir/drivers/src/rcc.c.o
LOAD CMakeFiles/firmware.elf.dir/drivers/src/vector.c.o
LOAD CMakeFiles/firmware.elf.dir/drivers/src/ringbuffer.c.o
                0x2001c000                        _estack = (ORIGIN (sram) + LENGTH (sram))

.vectors        0x08000000      0x188
 *(.vectors)
 .vectors       0x08000000      0x188 CMakeFiles/firmware.elf.dir/kernel/src/startup.c.o
                0x08000000                vector_table

.text           0x08000188     0x1258
 *(.text*)
 .text          0x08000188      0x578 CMakeFiles/firmware.elf.dir/kernel/src/main.c.o
                0x08000188                osSwitchSPToPSP
                0x080001a2                nmi_handler
                0x080001bc                hard_fault_handler
                0x080001d8                bus_fault_handler
                0x080001f4                usage_fault_handler
                0x08000210                osEnableProcessorFaults
                0x0800025c                clock_init
                0x08000268                initScheduler
                0x08000284                startScheduler
                0x08000294                echo
                0x080002f0                str_cmp
                0x0800034c                length
                0x0800037a                reverse
                0x080003d6                itoa
                0x08000468                cli
                0x080005ac                task1
                0x080005f0                task2
                0x08000640                task3
                0x08000694                main
 .text          0x08000700       0x60 CMakeFiles/firmware.elf.dir/kernel/src/startup.c.o
                0x08000700                _reset
 .text          0x08000760      0x120 CMakeFiles/firmware.elf.dir/kernel/src/mpu.c.o
                0x08000760                mem_manage_handler
                0x08000804                mpu_enable
                0x08000820                mpu_disable
                0x08000858                mpu_init
 .text          0x08000880      0x100 CMakeFiles/firmware.elf.dir/kernel/src/system_calls.c.o
                0x08000880                sv_call_handler
                0x08000904                chuj
                0x08000928                usart1_syscall_write
                0x0800093e                usart2_syscall_write
                0x08000954                usart3_syscall_write
                0x0800096a                usart1_syscall_read
 .text          0x08000980      0x344 CMakeFiles/firmware.elf.dir/kernel/src/task.c.o
                0x08000980                pend_sv_handler
                0x080009aa                osTaskCreate
                0x08000a88                task_delay
                0x08000ae8                osGetNextTask
                0x08000b5c                osInitalizeTCB
                0x08000b94                osDeleteThread
                0x08000bc8                osGetPSPValue
                0x08000be8                osSavePSPValue
                0x08000c10                osCheckBlockedTasks
                0x08000c78                getTasksCount
                0x08000cbc                idleTask
 .text          0x08000cc4       0x8c CMakeFiles/firmware.elf.dir/drivers/src/systick.c.o
                0x08000cc4                systick_init
                0x08000d04                sys_tick_handler
                0x08000d38                systick_get_ticks
 .text          0x08000d50      0x320 CMakeFiles/firmware.elf.dir/drivers/src/uart.c.o
                0x08000d50                uart_init
                0x08000ecc                usart1_isr
                0x08000f08                usart2_isr
                0x08000f44                usart3_isr
                0x08000f80                usart_write
                0x08000fba                usart_write_byte
                0x08000fe8                usart_read
                0x0800103c                usart_data_available
 .text          0x08001070      0x154 CMakeFiles/firmware.elf.dir/drivers/src/gpio.c.o
                0x08001070                gpio_set_mode
                0x080010e8                gpio_set_af
                0x08001180                gpio_write
 .text          0x080011c4      0x118 CMakeFiles/firmware.elf.dir/drivers/src/rcc.c.o
                0x080011c4                rcc_gpioa_enable
                0x080011e0                rcc_gpioa_disable
                0x080011fc                rcc_usart2_enable
                0x08001218                rcc_usart3_enable
                0x08001234                rcc_usart2_disable
                0x08001250                rcc_usart3_disable
                0x0800126c                rcc_usart1_enable
                0x08001288                rcc_syscfg_enable
                0x080012a4                rcc_syscfg_disable
                0x080012c0                rcc_usart1_disable
 .text          0x080012dc       0x14 CMakeFiles/firmware.elf.dir/drivers/src/vector.c.o
                0x080012dc                dma2_stream1_isr
                0x080012dc                tim8_brk_tim12_isr
                0x080012dc                dma1_stream7_isr
                0x080012dc                tim7_isr
                0x080012dc                dma1_stream2_isr
                0x080012dc                otg_hs_isr
                0x080012dc                blocking_handler
                0x080012dc                tim5_isr
                0x080012dc                rtc_wkup_isr
                0x080012dc                otg_fs_isr
                0x080012dc                spi1_isr
                0x080012dc                i2c3_er_isr
                0x080012dc                exti2_isr
                0x080012dc                tim1_brk__tim9_isr
                0x080012dc                tamp_stamp_isr
                0x080012dc                can1_rx1_isr
                0x080012dc                dma2_stream0_isr
                0x080012dc                i2c3_ev_isr
                0x080012dc                can2_rx0_isr
                0x080012dc                dma1_stream6_isr
                0x080012dc                can2_rx1_isr
                0x080012dc                can1_sce_isr
                0x080012dc                tim1_cc_isr
                0x080012dc                can1_tx_isr
                0x080012dc                sdio_isr
                0x080012dc                eth_isr
                0x080012dc                otg_fs_wkup_isr
                0x080012dc                dma2_stream5_isr
                0x080012dc                pvd_isr
                0x080012dc                can1_rx0_isr
                0x080012dc                rcc_isr
                0x080012dc                dma2_stream3_isr
                0x080012dc                flash_isr
                0x080012dc                uart4_isr
                0x080012dc                rtc_alarm_isr
                0x080012dc                exti15_10_isr
                0x080012dc                hash_rng_isr
                0x080012dc                tim1_trg_com_tim11_isr
                0x080012dc                exti1_isr
                0x080012dc                i2c1_ev_isr
                0x080012dc                usart6_isr
                0x080012dc                spi2_isr
                0x080012dc                cryp_isr
                0x080012dc                dma1_stream1_isr
                0x080012dc                dma2_stream4_isr
                0x080012dc                exti3_isr
                0x080012dc                debug_monitor_handler
                0x080012dc                tim3_isr
                0x080012dc                fpu_isr
                0x080012dc                dma1_stream4_isr
                0x080012dc                i2c2_er_isr
                0x080012dc                i2c2_ev_isr
                0x080012dc                uart5_isr
                0x080012dc                dma2_stream6_isr
                0x080012dc                adc_isr
                0x080012dc                dma2_stream7_isr
                0x080012dc                tim8_up_tim13_isr
                0x080012dc                fsmc_isr
                0x080012dc                exti4_isr
                0x080012dc                tim6_dac_isr
                0x080012dc                dma1_stream3_isr
                0x080012dc                tim8_trg_com_tim14_isr
                0x080012dc                can2_tx_isr
                0x080012dc                exti9_5_isr
                0x080012dc                tim1_up__tim10_isr
                0x080012dc                can2_sce_isr
                0x080012dc                tim4_isr
                0x080012dc                otg_hs_wkup_isr
                0x080012dc                i2c1_er_isr
                0x080012dc                dma1_stream0_isr
                0x080012dc                tim8_cc_isr
                0x080012dc                dcmi_isr
                0x080012dc                dma2_stream2_isr
                0x080012dc                eth_wkup_isr
                0x080012dc                wwdg_isr
                0x080012dc                otg_hs_ep1_out_isr
                0x080012dc                spi3_isr
                0x080012dc                dma1_stream5_isr
                0x080012dc                otg_hs_ep1_in_isr
                0x080012dc                tim2_isr
                0x080012dc                exti0_isr
                0x080012e4                null_handler
 .text          0x080012f0       0xf0 CMakeFiles/firmware.elf.dir/drivers/src/ringbuffer.c.o
                0x080012f0                ringbuffer_init
                0x08001320                ringbuffer_empty
                0x08001344                ringbuffer_read
                0x08001392                ringbuffer_write

.glue_7         0x080013e0        0x0
 .glue_7        0x080013e0        0x0 linker stubs

.glue_7t        0x080013e0        0x0
 .glue_7t       0x080013e0        0x0 linker stubs

.vfp11_veneer   0x080013e0        0x0
 .vfp11_veneer  0x080013e0        0x0 linker stubs

.v4_bx          0x080013e0        0x0
 .v4_bx         0x080013e0        0x0 linker stubs

.iplt           0x080013e0        0x0
 .iplt          0x080013e0        0x0 CMakeFiles/firmware.elf.dir/kernel/src/main.c.o

.rodata         0x080013e0      0x149
 *(.rodata*)
 .rodata        0x080013e0       0xa7 CMakeFiles/firmware.elf.dir/kernel/src/main.c.o
 *fill*         0x08001487        0x1 
 .rodata        0x08001488       0xa1 CMakeFiles/firmware.elf.dir/kernel/src/mpu.c.o

.rel.dyn        0x0800152c        0x0
 .rel.iplt      0x0800152c        0x0 CMakeFiles/firmware.elf.dir/kernel/src/main.c.o

.data           0x20000000       0x18 load address 0x08001529
                0x20000000                        _sdata = .
 *(.first_data)
 *(.data SORT_BY_NAME(.data.*))
 .data          0x20000000       0x18 CMakeFiles/firmware.elf.dir/kernel/src/main.c.o
                0x20000000                uart1
                0x20000008                uart2
                0x20000010                uart3
 .data          0x20000018        0x0 CMakeFiles/firmware.elf.dir/kernel/src/startup.c.o
 .data          0x20000018        0x0 CMakeFiles/firmware.elf.dir/kernel/src/mpu.c.o
 .data          0x20000018        0x0 CMakeFiles/firmware.elf.dir/kernel/src/system_calls.c.o
 .data          0x20000018        0x0 CMakeFiles/firmware.elf.dir/kernel/src/task.c.o
 .data          0x20000018        0x0 CMakeFiles/firmware.elf.dir/drivers/src/systick.c.o
 .data          0x20000018        0x0 CMakeFiles/firmware.elf.dir/drivers/src/uart.c.o
 .data          0x20000018        0x0 CMakeFiles/firmware.elf.dir/drivers/src/gpio.c.o
 .data          0x20000018        0x0 CMakeFiles/firmware.elf.dir/drivers/src/rcc.c.o
 .data          0x20000018        0x0 CMakeFiles/firmware.elf.dir/drivers/src/vector.c.o
 .data          0x20000018        0x0 CMakeFiles/firmware.elf.dir/drivers/src/ringbuffer.c.o
                0x20000018                        _edata = .
                0x08001529                        _sidata = LOADADDR (.data)

.igot.plt       0x20000018        0x0 load address 0x08001541
 .igot.plt      0x20000018        0x0 CMakeFiles/firmware.elf.dir/kernel/src/main.c.o

.bss            0x20000018      0x220 load address 0x08001541
                0x20000018                        _sbss = .
 *(.bss SORT_BY_NAME(.bss.*) COMMON)
 .bss           0x20000018        0x0 CMakeFiles/firmware.elf.dir/kernel/src/main.c.o
 .bss           0x20000018        0x0 CMakeFiles/firmware.elf.dir/kernel/src/startup.c.o
 .bss           0x20000018        0x0 CMakeFiles/firmware.elf.dir/kernel/src/mpu.c.o
 .bss           0x20000018        0x0 CMakeFiles/firmware.elf.dir/kernel/src/system_calls.c.o
 .bss           0x20000018       0xa4 CMakeFiles/firmware.elf.dir/kernel/src/task.c.o
                0x20000018                osTasks
                0x200000b8                osCurrentTaks
 *fill*         0x200000bc        0x4 
 .bss           0x200000c0        0x8 CMakeFiles/firmware.elf.dir/drivers/src/systick.c.o
 .bss           0x200000c8      0x170 CMakeFiles/firmware.elf.dir/drivers/src/uart.c.o
 .bss           0x20000238        0x0 CMakeFiles/firmware.elf.dir/drivers/src/gpio.c.o
 .bss           0x20000238        0x0 CMakeFiles/firmware.elf.dir/drivers/src/rcc.c.o
 .bss           0x20000238        0x0 CMakeFiles/firmware.elf.dir/drivers/src/vector.c.o
 .bss           0x20000238        0x0 CMakeFiles/firmware.elf.dir/drivers/src/ringbuffer.c.o
                0x20000238                        _ebss = .
                0x20000238                        . = ALIGN (0x8)
                0x20000238                        _end = .
OUTPUT(firmware.elf elf32-littlearm)
LOAD linker stubs

.debug_info     0x00000000     0x254a
 .debug_info    0x00000000      0x77a CMakeFiles/firmware.elf.dir/kernel/src/main.c.o
 .debug_info    0x0000077a      0x406 CMakeFiles/firmware.elf.dir/kernel/src/startup.c.o
 .debug_info    0x00000b80      0x352 CMakeFiles/firmware.elf.dir/kernel/src/mpu.c.o
 .debug_info    0x00000ed2      0x36f CMakeFiles/firmware.elf.dir/kernel/src/system_calls.c.o
 .debug_info    0x00001241      0x3aa CMakeFiles/firmware.elf.dir/kernel/src/task.c.o
 .debug_info    0x000015eb      0x209 CMakeFiles/firmware.elf.dir/drivers/src/systick.c.o
 .debug_info    0x000017f4      0x4a1 CMakeFiles/firmware.elf.dir/drivers/src/uart.c.o
 .debug_info    0x00001c95      0x3d8 CMakeFiles/firmware.elf.dir/drivers/src/gpio.c.o
 .debug_info    0x0000206d      0x2a8 CMakeFiles/firmware.elf.dir/drivers/src/rcc.c.o
 .debug_info    0x00002315       0x4e CMakeFiles/firmware.elf.dir/drivers/src/vector.c.o
 .debug_info    0x00002363      0x1e7 CMakeFiles/firmware.elf.dir/drivers/src/ringbuffer.c.o

.debug_abbrev   0x00000000      0xd97
 .debug_abbrev  0x00000000      0x24c CMakeFiles/firmware.elf.dir/kernel/src/main.c.o
 .debug_abbrev  0x0000024c      0x127 CMakeFiles/firmware.elf.dir/kernel/src/startup.c.o
 .debug_abbrev  0x00000373      0x139 CMakeFiles/firmware.elf.dir/kernel/src/mpu.c.o
 .debug_abbrev  0x000004ac      0x16d CMakeFiles/firmware.elf.dir/kernel/src/system_calls.c.o
 .debug_abbrev  0x00000619      0x1fd CMakeFiles/firmware.elf.dir/kernel/src/task.c.o
 .debug_abbrev  0x00000816      0x112 CMakeFiles/firmware.elf.dir/drivers/src/systick.c.o
 .debug_abbrev  0x00000928      0x197 CMakeFiles/firmware.elf.dir/drivers/src/uart.c.o
 .debug_abbrev  0x00000abf      0x126 CMakeFiles/firmware.elf.dir/drivers/src/gpio.c.o
 .debug_abbrev  0x00000be5       0xa2 CMakeFiles/firmware.elf.dir/drivers/src/rcc.c.o
 .debug_abbrev  0x00000c87       0x3a CMakeFiles/firmware.elf.dir/drivers/src/vector.c.o
 .debug_abbrev  0x00000cc1       0xd6 CMakeFiles/firmware.elf.dir/drivers/src/ringbuffer.c.o

.debug_aranges  0x00000000      0x160
 .debug_aranges
                0x00000000       0x20 CMakeFiles/firmware.elf.dir/kernel/src/main.c.o
 .debug_aranges
                0x00000020       0x20 CMakeFiles/firmware.elf.dir/kernel/src/startup.c.o
 .debug_aranges
                0x00000040       0x20 CMakeFiles/firmware.elf.dir/kernel/src/mpu.c.o
 .debug_aranges
                0x00000060       0x20 CMakeFiles/firmware.elf.dir/kernel/src/system_calls.c.o
 .debug_aranges
                0x00000080       0x20 CMakeFiles/firmware.elf.dir/kernel/src/task.c.o
 .debug_aranges
                0x000000a0       0x20 CMakeFiles/firmware.elf.dir/drivers/src/systick.c.o
 .debug_aranges
                0x000000c0       0x20 CMakeFiles/firmware.elf.dir/drivers/src/uart.c.o
 .debug_aranges
                0x000000e0       0x20 CMakeFiles/firmware.elf.dir/drivers/src/gpio.c.o
 .debug_aranges
                0x00000100       0x20 CMakeFiles/firmware.elf.dir/drivers/src/rcc.c.o
 .debug_aranges
                0x00000120       0x20 CMakeFiles/firmware.elf.dir/drivers/src/vector.c.o
 .debug_aranges
                0x00000140       0x20 CMakeFiles/firmware.elf.dir/drivers/src/ringbuffer.c.o

.debug_line     0x00000000     0x1485
 .debug_line    0x00000000      0x411 CMakeFiles/firmware.elf.dir/kernel/src/main.c.o
 .debug_line    0x00000411       0xfd CMakeFiles/firmware.elf.dir/kernel/src/startup.c.o
 .debug_line    0x0000050e      0x1dc CMakeFiles/firmware.elf.dir/kernel/src/mpu.c.o
 .debug_line    0x000006ea      0x17c CMakeFiles/firmware.elf.dir/kernel/src/system_calls.c.o
 .debug_line    0x00000866      0x2e6 CMakeFiles/firmware.elf.dir/kernel/src/task.c.o
 .debug_line    0x00000b4c      0x19b CMakeFiles/firmware.elf.dir/drivers/src/systick.c.o
 .debug_line    0x00000ce7      0x29d CMakeFiles/firmware.elf.dir/drivers/src/uart.c.o
 .debug_line    0x00000f84      0x19f CMakeFiles/firmware.elf.dir/drivers/src/gpio.c.o
 .debug_line    0x00001123      0x16b CMakeFiles/firmware.elf.dir/drivers/src/rcc.c.o
 .debug_line    0x0000128e       0x82 CMakeFiles/firmware.elf.dir/drivers/src/vector.c.o
 .debug_line    0x00001310      0x175 CMakeFiles/firmware.elf.dir/drivers/src/ringbuffer.c.o

.debug_str      0x00000000     0x10bf
 .debug_str     0x00000000     0x10bf CMakeFiles/firmware.elf.dir/kernel/src/main.c.o
                                0x408 (size before relaxing)
 .debug_str     0x000010bf      0x67d CMakeFiles/firmware.elf.dir/kernel/src/startup.c.o
 .debug_str     0x000010bf      0x27f CMakeFiles/firmware.elf.dir/kernel/src/mpu.c.o
 .debug_str     0x000010bf      0x2a0 CMakeFiles/firmware.elf.dir/kernel/src/system_calls.c.o
 .debug_str     0x000010bf      0x2ea CMakeFiles/firmware.elf.dir/kernel/src/task.c.o
 .debug_str     0x000010bf      0x23c CMakeFiles/firmware.elf.dir/drivers/src/systick.c.o
 .debug_str     0x000010bf      0x34c CMakeFiles/firmware.elf.dir/drivers/src/uart.c.o
 .debug_str     0x000010bf      0x307 CMakeFiles/firmware.elf.dir/drivers/src/gpio.c.o
 .debug_str     0x000010bf      0x30d CMakeFiles/firmware.elf.dir/drivers/src/rcc.c.o
 .debug_str     0x000010bf      0x107 CMakeFiles/firmware.elf.dir/drivers/src/vector.c.o
 .debug_str     0x000010bf      0x221 CMakeFiles/firmware.elf.dir/drivers/src/ringbuffer.c.o

.comment        0x00000000       0x26
 .comment       0x00000000       0x26 CMakeFiles/firmware.elf.dir/kernel/src/main.c.o
                                 0x27 (size before relaxing)
 .comment       0x00000026       0x27 CMakeFiles/firmware.elf.dir/kernel/src/startup.c.o
 .comment       0x00000026       0x27 CMakeFiles/firmware.elf.dir/kernel/src/mpu.c.o
 .comment       0x00000026       0x27 CMakeFiles/firmware.elf.dir/kernel/src/system_calls.c.o
 .comment       0x00000026       0x27 CMakeFiles/firmware.elf.dir/kernel/src/task.c.o
 .comment       0x00000026       0x27 CMakeFiles/firmware.elf.dir/drivers/src/systick.c.o
 .comment       0x00000026       0x27 CMakeFiles/firmware.elf.dir/drivers/src/uart.c.o
 .comment       0x00000026       0x27 CMakeFiles/firmware.elf.dir/drivers/src/gpio.c.o
 .comment       0x00000026       0x27 CMakeFiles/firmware.elf.dir/drivers/src/rcc.c.o
 .comment       0x00000026       0x27 CMakeFiles/firmware.elf.dir/drivers/src/vector.c.o
 .comment       0x00000026       0x27 CMakeFiles/firmware.elf.dir/drivers/src/ringbuffer.c.o

.ARM.attributes
                0x00000000       0x2e
 .ARM.attributes
                0x00000000       0x2e CMakeFiles/firmware.elf.dir/kernel/src/main.c.o
 .ARM.attributes
                0x0000002e       0x2e CMakeFiles/firmware.elf.dir/kernel/src/startup.c.o
 .ARM.attributes
                0x0000005c       0x2e CMakeFiles/firmware.elf.dir/kernel/src/mpu.c.o
 .ARM.attributes
                0x0000008a       0x2e CMakeFiles/firmware.elf.dir/kernel/src/system_calls.c.o
 .ARM.attributes
                0x000000b8       0x2e CMakeFiles/firmware.elf.dir/kernel/src/task.c.o
 .ARM.attributes
                0x000000e6       0x2e CMakeFiles/firmware.elf.dir/drivers/src/systick.c.o
 .ARM.attributes
                0x00000114       0x2e CMakeFiles/firmware.elf.dir/drivers/src/uart.c.o
 .ARM.attributes
                0x00000142       0x2e CMakeFiles/firmware.elf.dir/drivers/src/gpio.c.o
 .ARM.attributes
                0x00000170       0x2e CMakeFiles/firmware.elf.dir/drivers/src/rcc.c.o
 .ARM.attributes
                0x0000019e       0x2e CMakeFiles/firmware.elf.dir/drivers/src/vector.c.o
 .ARM.attributes
                0x000001cc       0x2e CMakeFiles/firmware.elf.dir/drivers/src/ringbuffer.c.o

.debug_frame    0x00000000      0xa74
 .debug_frame   0x00000000      0x26c CMakeFiles/firmware.elf.dir/kernel/src/main.c.o
 .debug_frame   0x0000026c       0x30 CMakeFiles/firmware.elf.dir/kernel/src/startup.c.o
 .debug_frame   0x0000029c       0xcc CMakeFiles/firmware.elf.dir/kernel/src/mpu.c.o
 .debug_frame   0x00000368      0x10c CMakeFiles/firmware.elf.dir/kernel/src/system_calls.c.o
 .debug_frame   0x00000474      0x18c CMakeFiles/firmware.elf.dir/kernel/src/task.c.o
 .debug_frame   0x00000600       0x70 CMakeFiles/firmware.elf.dir/drivers/src/systick.c.o
 .debug_frame   0x00000670      0x134 CMakeFiles/firmware.elf.dir/drivers/src/uart.c.o
 .debug_frame   0x000007a4       0x88 CMakeFiles/firmware.elf.dir/drivers/src/gpio.c.o
 .debug_frame   0x0000082c      0x150 CMakeFiles/firmware.elf.dir/drivers/src/rcc.c.o
 .debug_frame   0x0000097c       0x48 CMakeFiles/firmware.elf.dir/drivers/src/vector.c.o
 .debug_frame   0x000009c4       0xb0 CMakeFiles/firmware.elf.dir/drivers/src/ringbuffer.c.o

.debug_rnglists
                0x00000000       0x17
 .debug_rnglists
                0x00000000       0x17 CMakeFiles/firmware.elf.dir/kernel/src/task.c.o
