
There are no discarded input sections

Memory Configuration

Name             Origin             Length             Attributes
flash            0x08000000         0x00100000         xr
sram             0x20000000         0x0001c000         xrw
*default*        0x00000000         0xffffffff

Linker script and memory map

LOAD CMakeFiles/firmware.elf.dir/kernel/src/main.c.o
LOAD CMakeFiles/firmware.elf.dir/kernel/src/startup.c.o
LOAD CMakeFiles/firmware.elf.dir/kernel/src/mpu.c.o
LOAD CMakeFiles/firmware.elf.dir/kernel/src/system_calls.c.o
LOAD CMakeFiles/firmware.elf.dir/kernel/src/task.c.o
LOAD CMakeFiles/firmware.elf.dir/drivers/src/systick.c.o
LOAD CMakeFiles/firmware.elf.dir/drivers/src/uart.c.o
LOAD CMakeFiles/firmware.elf.dir/drivers/src/gpio.c.o
LOAD CMakeFiles/firmware.elf.dir/drivers/src/rcc.c.o
LOAD CMakeFiles/firmware.elf.dir/drivers/src/vector.c.o
LOAD CMakeFiles/firmware.elf.dir/drivers/src/ringbuffer.c.o
                0x2001c000                        _estack = (ORIGIN (sram) + LENGTH (sram))

.vectors        0x08000000      0x188
 *(.vectors)
 .vectors       0x08000000      0x188 CMakeFiles/firmware.elf.dir/kernel/src/startup.c.o
                0x08000000                vector_table

.text           0x08000188     0x129c
 *(.text*)
 .text          0x08000188      0x57c CMakeFiles/firmware.elf.dir/kernel/src/main.c.o
                0x08000188                osSwitchSPToPSP
                0x080001a2                nmi_handler
                0x080001bc                hard_fault_handler
                0x080001d8                bus_fault_handler
                0x080001f4                usage_fault_handler
                0x08000210                osEnableProcessorFaults
                0x0800025c                clock_init
                0x08000268                initScheduler
                0x08000284                startScheduler
                0x08000294                echo
                0x080002f0                str_cmp
                0x0800034c                length
                0x0800037a                reverse
                0x080003d6                itoa
                0x08000468                cli
                0x080005ac                task1
                0x080005ec                task2
                0x08000640                task3
                0x08000694                main
 .text          0x08000704       0x60 CMakeFiles/firmware.elf.dir/kernel/src/startup.c.o
                0x08000704                _reset
 .text          0x08000764      0x144 CMakeFiles/firmware.elf.dir/kernel/src/mpu.c.o
                0x08000764                mem_manage_handler
                0x080007fc                mpu_enable
                0x08000818                mpu_disable
                0x08000830                mpu_init
 .text          0x080008a8       0xd2 CMakeFiles/firmware.elf.dir/kernel/src/system_calls.c.o
                0x080008a8                sv_call_handler
                0x08000936                usart_syscall_write
                0x0800094e                usart_syscall_read
                0x08000966                syscall_delay
 *fill*         0x0800097a        0x2 
 .text          0x0800097c      0x344 CMakeFiles/firmware.elf.dir/kernel/src/task.c.o
                0x0800097c                pend_sv_handler
                0x080009a6                osTaskCreate
                0x08000a84                task_delay
                0x08000ae4                osGetNextTask
                0x08000b58                osInitalizeTCB
                0x08000b90                osDeleteThread
                0x08000bc4                osGetPSPValue
                0x08000be4                osSavePSPValue
                0x08000c0c                osCheckBlockedTasks
                0x08000c74                getTasksCount
                0x08000cb8                idleTask
 .text          0x08000cc0       0x8c CMakeFiles/firmware.elf.dir/drivers/src/systick.c.o
                0x08000cc0                systick_init
                0x08000d00                sys_tick_handler
                0x08000d34                systick_get_ticks
 .text          0x08000d4c      0x368 CMakeFiles/firmware.elf.dir/drivers/src/uart.c.o
                0x08000d4c                uart_init
                0x08000ec8                usart1_isr
                0x08000f04                usart2_isr
                0x08000f40                usart3_isr
                0x08000f7c                usart_write
                0x08000fb6                usart_write_byte
                0x08000fe4                usart_write2
                0x0800102c                usart_read
                0x08001080                usart_data_available
 .text          0x080010b4      0x154 CMakeFiles/firmware.elf.dir/drivers/src/gpio.c.o
                0x080010b4                gpio_set_mode
                0x0800112c                gpio_set_af
                0x080011c4                gpio_write
 .text          0x08001208      0x118 CMakeFiles/firmware.elf.dir/drivers/src/rcc.c.o
                0x08001208                rcc_gpioa_enable
                0x08001224                rcc_gpioa_disable
                0x08001240                rcc_usart2_enable
                0x0800125c                rcc_usart3_enable
                0x08001278                rcc_usart2_disable
                0x08001294                rcc_usart3_disable
                0x080012b0                rcc_usart1_enable
                0x080012cc                rcc_syscfg_enable
                0x080012e8                rcc_syscfg_disable
                0x08001304                rcc_usart1_disable
 .text          0x08001320       0x14 CMakeFiles/firmware.elf.dir/drivers/src/vector.c.o
                0x08001320                dma2_stream1_isr
                0x08001320                tim8_brk_tim12_isr
                0x08001320                dma1_stream7_isr
                0x08001320                tim7_isr
                0x08001320                dma1_stream2_isr
                0x08001320                otg_hs_isr
                0x08001320                blocking_handler
                0x08001320                tim5_isr
                0x08001320                rtc_wkup_isr
                0x08001320                otg_fs_isr
                0x08001320                spi1_isr
                0x08001320                i2c3_er_isr
                0x08001320                exti2_isr
                0x08001320                tim1_brk__tim9_isr
                0x08001320                tamp_stamp_isr
                0x08001320                can1_rx1_isr
                0x08001320                dma2_stream0_isr
                0x08001320                i2c3_ev_isr
                0x08001320                can2_rx0_isr
                0x08001320                dma1_stream6_isr
                0x08001320                can2_rx1_isr
                0x08001320                can1_sce_isr
                0x08001320                tim1_cc_isr
                0x08001320                can1_tx_isr
                0x08001320                sdio_isr
                0x08001320                eth_isr
                0x08001320                otg_fs_wkup_isr
                0x08001320                dma2_stream5_isr
                0x08001320                pvd_isr
                0x08001320                can1_rx0_isr
                0x08001320                rcc_isr
                0x08001320                dma2_stream3_isr
                0x08001320                flash_isr
                0x08001320                uart4_isr
                0x08001320                rtc_alarm_isr
                0x08001320                exti15_10_isr
                0x08001320                hash_rng_isr
                0x08001320                tim1_trg_com_tim11_isr
                0x08001320                exti1_isr
                0x08001320                i2c1_ev_isr
                0x08001320                usart6_isr
                0x08001320                spi2_isr
                0x08001320                cryp_isr
                0x08001320                dma1_stream1_isr
                0x08001320                dma2_stream4_isr
                0x08001320                exti3_isr
                0x08001320                debug_monitor_handler
                0x08001320                tim3_isr
                0x08001320                fpu_isr
                0x08001320                dma1_stream4_isr
                0x08001320                i2c2_er_isr
                0x08001320                i2c2_ev_isr
                0x08001320                uart5_isr
                0x08001320                dma2_stream6_isr
                0x08001320                adc_isr
                0x08001320                dma2_stream7_isr
                0x08001320                tim8_up_tim13_isr
                0x08001320                fsmc_isr
                0x08001320                exti4_isr
                0x08001320                tim6_dac_isr
                0x08001320                dma1_stream3_isr
                0x08001320                tim8_trg_com_tim14_isr
                0x08001320                can2_tx_isr
                0x08001320                exti9_5_isr
                0x08001320                tim1_up__tim10_isr
                0x08001320                can2_sce_isr
                0x08001320                tim4_isr
                0x08001320                otg_hs_wkup_isr
                0x08001320                i2c1_er_isr
                0x08001320                dma1_stream0_isr
                0x08001320                tim8_cc_isr
                0x08001320                dcmi_isr
                0x08001320                dma2_stream2_isr
                0x08001320                eth_wkup_isr
                0x08001320                wwdg_isr
                0x08001320                otg_hs_ep1_out_isr
                0x08001320                spi3_isr
                0x08001320                dma1_stream5_isr
                0x08001320                otg_hs_ep1_in_isr
                0x08001320                tim2_isr
                0x08001320                exti0_isr
                0x08001328                null_handler
 .text          0x08001334       0xf0 CMakeFiles/firmware.elf.dir/drivers/src/ringbuffer.c.o
                0x08001334                ringbuffer_init
                0x08001364                ringbuffer_empty
                0x08001388                ringbuffer_read
                0x080013d6                ringbuffer_write

.glue_7         0x08001424        0x0
 .glue_7        0x08001424        0x0 linker stubs

.glue_7t        0x08001424        0x0
 .glue_7t       0x08001424        0x0 linker stubs

.vfp11_veneer   0x08001424        0x0
 .vfp11_veneer  0x08001424        0x0 linker stubs

.v4_bx          0x08001424        0x0
 .v4_bx         0x08001424        0x0 linker stubs

.iplt           0x08001424        0x0
 .iplt          0x08001424        0x0 CMakeFiles/firmware.elf.dir/kernel/src/main.c.o

.rodata         0x08001424      0x130
 *(.rodata*)
 .rodata        0x08001424       0xa7 CMakeFiles/firmware.elf.dir/kernel/src/main.c.o
 *fill*         0x080014cb        0x1 
 .rodata        0x080014cc       0x88 CMakeFiles/firmware.elf.dir/kernel/src/mpu.c.o

.rel.dyn        0x08001554        0x0
 .rel.iplt      0x08001554        0x0 CMakeFiles/firmware.elf.dir/kernel/src/main.c.o

.data           0x20000000       0x18 load address 0x08001554
                0x20000000                        _sdata = .
 *(.first_data)
 *(.data SORT_BY_NAME(.data.*))
 .data          0x20000000       0x18 CMakeFiles/firmware.elf.dir/kernel/src/main.c.o
                0x20000000                uart1
                0x20000008                uart2
                0x20000010                uart3
 .data          0x20000018        0x0 CMakeFiles/firmware.elf.dir/kernel/src/startup.c.o
 .data          0x20000018        0x0 CMakeFiles/firmware.elf.dir/kernel/src/mpu.c.o
 .data          0x20000018        0x0 CMakeFiles/firmware.elf.dir/kernel/src/system_calls.c.o
 .data          0x20000018        0x0 CMakeFiles/firmware.elf.dir/kernel/src/task.c.o
 .data          0x20000018        0x0 CMakeFiles/firmware.elf.dir/drivers/src/systick.c.o
 .data          0x20000018        0x0 CMakeFiles/firmware.elf.dir/drivers/src/uart.c.o
 .data          0x20000018        0x0 CMakeFiles/firmware.elf.dir/drivers/src/gpio.c.o
 .data          0x20000018        0x0 CMakeFiles/firmware.elf.dir/drivers/src/rcc.c.o
 .data          0x20000018        0x0 CMakeFiles/firmware.elf.dir/drivers/src/vector.c.o
 .data          0x20000018        0x0 CMakeFiles/firmware.elf.dir/drivers/src/ringbuffer.c.o
                0x20000018                        _edata = .
                0x08001554                        _sidata = LOADADDR (.data)

.igot.plt       0x20000018        0x0 load address 0x0800156c
 .igot.plt      0x20000018        0x0 CMakeFiles/firmware.elf.dir/kernel/src/main.c.o

.bss            0x20000018      0x220 load address 0x0800156c
                0x20000018                        _sbss = .
 *(.bss SORT_BY_NAME(.bss.*) COMMON)
 .bss           0x20000018        0x0 CMakeFiles/firmware.elf.dir/kernel/src/main.c.o
 .bss           0x20000018        0x0 CMakeFiles/firmware.elf.dir/kernel/src/startup.c.o
 .bss           0x20000018        0x0 CMakeFiles/firmware.elf.dir/kernel/src/mpu.c.o
 .bss           0x20000018        0x0 CMakeFiles/firmware.elf.dir/kernel/src/system_calls.c.o
 .bss           0x20000018       0xa4 CMakeFiles/firmware.elf.dir/kernel/src/task.c.o
 *fill*         0x200000bc        0x4 
 .bss           0x200000c0        0x8 CMakeFiles/firmware.elf.dir/drivers/src/systick.c.o
 .bss           0x200000c8      0x170 CMakeFiles/firmware.elf.dir/drivers/src/uart.c.o
 .bss           0x20000238        0x0 CMakeFiles/firmware.elf.dir/drivers/src/gpio.c.o
 .bss           0x20000238        0x0 CMakeFiles/firmware.elf.dir/drivers/src/rcc.c.o
 .bss           0x20000238        0x0 CMakeFiles/firmware.elf.dir/drivers/src/vector.c.o
 .bss           0x20000238        0x0 CMakeFiles/firmware.elf.dir/drivers/src/ringbuffer.c.o
                0x20000238                        _ebss = .
                0x20000238                        . = ALIGN (0x8)
                0x20000238                        _end = .
OUTPUT(firmware.elf elf32-littlearm)
LOAD linker stubs

.debug_info     0x00000000     0x245c
 .debug_info    0x00000000      0x77e CMakeFiles/firmware.elf.dir/kernel/src/main.c.o
 .debug_info    0x0000077e      0x406 CMakeFiles/firmware.elf.dir/kernel/src/startup.c.o
 .debug_info    0x00000b84      0x295 CMakeFiles/firmware.elf.dir/kernel/src/mpu.c.o
 .debug_info    0x00000e19      0x2f4 CMakeFiles/firmware.elf.dir/kernel/src/system_calls.c.o
 .debug_info    0x0000110d      0x39d CMakeFiles/firmware.elf.dir/kernel/src/task.c.o
 .debug_info    0x000014aa      0x209 CMakeFiles/firmware.elf.dir/drivers/src/systick.c.o
 .debug_info    0x000016b3      0x4f4 CMakeFiles/firmware.elf.dir/drivers/src/uart.c.o
 .debug_info    0x00001ba7      0x3d8 CMakeFiles/firmware.elf.dir/drivers/src/gpio.c.o
 .debug_info    0x00001f7f      0x2a8 CMakeFiles/firmware.elf.dir/drivers/src/rcc.c.o
 .debug_info    0x00002227       0x4e CMakeFiles/firmware.elf.dir/drivers/src/vector.c.o
 .debug_info    0x00002275      0x1e7 CMakeFiles/firmware.elf.dir/drivers/src/ringbuffer.c.o

.debug_abbrev   0x00000000      0xcf3
 .debug_abbrev  0x00000000      0x23d CMakeFiles/firmware.elf.dir/kernel/src/main.c.o
 .debug_abbrev  0x0000023d      0x127 CMakeFiles/firmware.elf.dir/kernel/src/startup.c.o
 .debug_abbrev  0x00000364       0xf8 CMakeFiles/firmware.elf.dir/kernel/src/mpu.c.o
 .debug_abbrev  0x0000045c      0x13d CMakeFiles/firmware.elf.dir/kernel/src/system_calls.c.o
 .debug_abbrev  0x00000599      0x1d7 CMakeFiles/firmware.elf.dir/kernel/src/task.c.o
 .debug_abbrev  0x00000770      0x112 CMakeFiles/firmware.elf.dir/drivers/src/systick.c.o
 .debug_abbrev  0x00000882      0x199 CMakeFiles/firmware.elf.dir/drivers/src/uart.c.o
 .debug_abbrev  0x00000a1b      0x126 CMakeFiles/firmware.elf.dir/drivers/src/gpio.c.o
 .debug_abbrev  0x00000b41       0xa2 CMakeFiles/firmware.elf.dir/drivers/src/rcc.c.o
 .debug_abbrev  0x00000be3       0x3a CMakeFiles/firmware.elf.dir/drivers/src/vector.c.o
 .debug_abbrev  0x00000c1d       0xd6 CMakeFiles/firmware.elf.dir/drivers/src/ringbuffer.c.o

.debug_aranges  0x00000000      0x160
 .debug_aranges
                0x00000000       0x20 CMakeFiles/firmware.elf.dir/kernel/src/main.c.o
 .debug_aranges
                0x00000020       0x20 CMakeFiles/firmware.elf.dir/kernel/src/startup.c.o
 .debug_aranges
                0x00000040       0x20 CMakeFiles/firmware.elf.dir/kernel/src/mpu.c.o
 .debug_aranges
                0x00000060       0x20 CMakeFiles/firmware.elf.dir/kernel/src/system_calls.c.o
 .debug_aranges
                0x00000080       0x20 CMakeFiles/firmware.elf.dir/kernel/src/task.c.o
 .debug_aranges
                0x000000a0       0x20 CMakeFiles/firmware.elf.dir/drivers/src/systick.c.o
 .debug_aranges
                0x000000c0       0x20 CMakeFiles/firmware.elf.dir/drivers/src/uart.c.o
 .debug_aranges
                0x000000e0       0x20 CMakeFiles/firmware.elf.dir/drivers/src/gpio.c.o
 .debug_aranges
                0x00000100       0x20 CMakeFiles/firmware.elf.dir/drivers/src/rcc.c.o
 .debug_aranges
                0x00000120       0x20 CMakeFiles/firmware.elf.dir/drivers/src/vector.c.o
 .debug_aranges
                0x00000140       0x20 CMakeFiles/firmware.elf.dir/drivers/src/ringbuffer.c.o

.debug_line     0x00000000     0x1520
 .debug_line    0x00000000      0x414 CMakeFiles/firmware.elf.dir/kernel/src/main.c.o
 .debug_line    0x00000414       0xfd CMakeFiles/firmware.elf.dir/kernel/src/startup.c.o
 .debug_line    0x00000511      0x1f8 CMakeFiles/firmware.elf.dir/kernel/src/mpu.c.o
 .debug_line    0x00000709      0x1c0 CMakeFiles/firmware.elf.dir/kernel/src/system_calls.c.o
 .debug_line    0x000008c9      0x2e6 CMakeFiles/firmware.elf.dir/kernel/src/task.c.o
 .debug_line    0x00000baf      0x19b CMakeFiles/firmware.elf.dir/drivers/src/systick.c.o
 .debug_line    0x00000d4a      0x2d5 CMakeFiles/firmware.elf.dir/drivers/src/uart.c.o
 .debug_line    0x0000101f      0x19f CMakeFiles/firmware.elf.dir/drivers/src/gpio.c.o
 .debug_line    0x000011be      0x16b CMakeFiles/firmware.elf.dir/drivers/src/rcc.c.o
 .debug_line    0x00001329       0x82 CMakeFiles/firmware.elf.dir/drivers/src/vector.c.o
 .debug_line    0x000013ab      0x175 CMakeFiles/firmware.elf.dir/drivers/src/ringbuffer.c.o

.debug_str      0x00000000     0x10a3
 .debug_str     0x00000000     0x10a3 CMakeFiles/firmware.elf.dir/kernel/src/main.c.o
                                0x41c (size before relaxing)
 .debug_str     0x000010a3      0x67d CMakeFiles/firmware.elf.dir/kernel/src/startup.c.o
 .debug_str     0x000010a3      0x234 CMakeFiles/firmware.elf.dir/kernel/src/mpu.c.o
 .debug_str     0x000010a3      0x288 CMakeFiles/firmware.elf.dir/kernel/src/system_calls.c.o
 .debug_str     0x000010a3      0x2e2 CMakeFiles/firmware.elf.dir/kernel/src/task.c.o
 .debug_str     0x000010a3      0x23c CMakeFiles/firmware.elf.dir/drivers/src/systick.c.o
 .debug_str     0x000010a3      0x359 CMakeFiles/firmware.elf.dir/drivers/src/uart.c.o
 .debug_str     0x000010a3      0x307 CMakeFiles/firmware.elf.dir/drivers/src/gpio.c.o
 .debug_str     0x000010a3      0x30d CMakeFiles/firmware.elf.dir/drivers/src/rcc.c.o
 .debug_str     0x000010a3      0x107 CMakeFiles/firmware.elf.dir/drivers/src/vector.c.o
 .debug_str     0x000010a3      0x221 CMakeFiles/firmware.elf.dir/drivers/src/ringbuffer.c.o

.comment        0x00000000       0x26
 .comment       0x00000000       0x26 CMakeFiles/firmware.elf.dir/kernel/src/main.c.o
                                 0x27 (size before relaxing)
 .comment       0x00000026       0x27 CMakeFiles/firmware.elf.dir/kernel/src/startup.c.o
 .comment       0x00000026       0x27 CMakeFiles/firmware.elf.dir/kernel/src/mpu.c.o
 .comment       0x00000026       0x27 CMakeFiles/firmware.elf.dir/kernel/src/system_calls.c.o
 .comment       0x00000026       0x27 CMakeFiles/firmware.elf.dir/kernel/src/task.c.o
 .comment       0x00000026       0x27 CMakeFiles/firmware.elf.dir/drivers/src/systick.c.o
 .comment       0x00000026       0x27 CMakeFiles/firmware.elf.dir/drivers/src/uart.c.o
 .comment       0x00000026       0x27 CMakeFiles/firmware.elf.dir/drivers/src/gpio.c.o
 .comment       0x00000026       0x27 CMakeFiles/firmware.elf.dir/drivers/src/rcc.c.o
 .comment       0x00000026       0x27 CMakeFiles/firmware.elf.dir/drivers/src/vector.c.o
 .comment       0x00000026       0x27 CMakeFiles/firmware.elf.dir/drivers/src/ringbuffer.c.o

.ARM.attributes
                0x00000000       0x2e
 .ARM.attributes
                0x00000000       0x2e CMakeFiles/firmware.elf.dir/kernel/src/main.c.o
 .ARM.attributes
                0x0000002e       0x2e CMakeFiles/firmware.elf.dir/kernel/src/startup.c.o
 .ARM.attributes
                0x0000005c       0x2e CMakeFiles/firmware.elf.dir/kernel/src/mpu.c.o
 .ARM.attributes
                0x0000008a       0x2e CMakeFiles/firmware.elf.dir/kernel/src/system_calls.c.o
 .ARM.attributes
                0x000000b8       0x2e CMakeFiles/firmware.elf.dir/kernel/src/task.c.o
 .ARM.attributes
                0x000000e6       0x2e CMakeFiles/firmware.elf.dir/drivers/src/systick.c.o
 .ARM.attributes
                0x00000114       0x2e CMakeFiles/firmware.elf.dir/drivers/src/uart.c.o
 .ARM.attributes
                0x00000142       0x2e CMakeFiles/firmware.elf.dir/drivers/src/gpio.c.o
 .ARM.attributes
                0x00000170       0x2e CMakeFiles/firmware.elf.dir/drivers/src/rcc.c.o
 .ARM.attributes
                0x0000019e       0x2e CMakeFiles/firmware.elf.dir/drivers/src/vector.c.o
 .ARM.attributes
                0x000001cc       0x2e CMakeFiles/firmware.elf.dir/drivers/src/ringbuffer.c.o

.debug_frame    0x00000000      0xa0c
 .debug_frame   0x00000000      0x268 CMakeFiles/firmware.elf.dir/kernel/src/main.c.o
 .debug_frame   0x00000268       0x30 CMakeFiles/firmware.elf.dir/kernel/src/startup.c.o
 .debug_frame   0x00000298       0x90 CMakeFiles/firmware.elf.dir/kernel/src/mpu.c.o
 .debug_frame   0x00000328       0xbc CMakeFiles/firmware.elf.dir/kernel/src/system_calls.c.o
 .debug_frame   0x000003e4      0x18c CMakeFiles/firmware.elf.dir/kernel/src/task.c.o
 .debug_frame   0x00000570       0x70 CMakeFiles/firmware.elf.dir/drivers/src/systick.c.o
 .debug_frame   0x000005e0      0x15c CMakeFiles/firmware.elf.dir/drivers/src/uart.c.o
 .debug_frame   0x0000073c       0x88 CMakeFiles/firmware.elf.dir/drivers/src/gpio.c.o
 .debug_frame   0x000007c4      0x150 CMakeFiles/firmware.elf.dir/drivers/src/rcc.c.o
 .debug_frame   0x00000914       0x48 CMakeFiles/firmware.elf.dir/drivers/src/vector.c.o
 .debug_frame   0x0000095c       0xb0 CMakeFiles/firmware.elf.dir/drivers/src/ringbuffer.c.o

.debug_rnglists
                0x00000000       0x17
 .debug_rnglists
                0x00000000       0x17 CMakeFiles/firmware.elf.dir/kernel/src/task.c.o
